// Jest Snapshot v1, https://goo.gl/fbAQLP

exports[`should return user information 1`] = `
"username: miguel
email: gominolas@gmail.com
"
`;
